// Jest Snapshot v1, https://goo.gl/fbAQLP

exports[`graphql-to-doc should return 0 with success message when completed 1`] = `
Object {
  "code": 0,
  "error": null,
  "stderr": "",
  "stdout": "Documentation successfully generated in \\"docs\\" with base URL \\".\\".
229 pages generated in 3.508s from schema \\"https://graphql.anilist.co/\\".
Remember to update your Docusaurus site's sidebars with \\"docs/sidebar-schema.js\\".
",
}
`;
