// Jest Snapshot v1, https://goo.gl/fbAQLP

exports[`parseSchema should returned a parsed schema 1`] = `
Array [
  Object {
    "directives": Array [
      Object {
        "arguments": Array [
          Object {
            "kind": "Argument",
            "name": "url",
            "value": "https://www.w3.org/TR/SRI",
          },
        ],
        "kind": "Directive",
        "name": "@specifiedBy",
      },
    ],
    "kind": "ScalarTypeDefinition",
    "name": "SRI",
  },
  Object {
    "directives": Array [],
    "fields": Array [
      Object {
        "arguments": Array [],
        "description": undefined,
        "directives": Array [],
        "isList": false,
        "isNull": false,
        "kind": "FieldDefinition",
        "name": "id",
        "type": "ID",
      },
    ],
    "interfaces": Array [],
    "kind": "InterfaceTypeDefinition",
    "name": "Node",
  },
  Object {
    "directives": Array [],
    "kind": "EnumTypeDefinition",
    "name": "MediaType",
    "values": Array [
      Object {
        "directives": Array [],
        "kind": "EnumValueDefinition",
        "name": "IMAGE",
      },
      Object {
        "directives": Array [],
        "kind": "EnumValueDefinition",
        "name": "VIDEO",
      },
    ],
  },
  Object {
    "directives": Array [],
    "fields": Array [
      Object {
        "arguments": Array [],
        "description": undefined,
        "directives": Array [],
        "isList": false,
        "isNull": false,
        "kind": "FieldDefinition",
        "name": "url",
        "type": "Url",
      },
      Object {
        "arguments": Array [],
        "description": undefined,
        "directives": Array [],
        "isList": false,
        "isNull": false,
        "kind": "FieldDefinition",
        "name": "sri",
        "type": "SRI",
      },
      Object {
        "arguments": Array [],
        "description": undefined,
        "directives": Array [],
        "isList": false,
        "isNull": false,
        "kind": "FieldDefinition",
        "name": "type",
        "type": "MediaType",
      },
    ],
    "interfaces": Array [],
    "kind": "ObjectTypeDefinition",
    "name": "Media",
  },
  Object {
    "directives": Array [],
    "fields": Array [
      Object {
        "arguments": Array [],
        "description": undefined,
        "directives": Array [],
        "isList": false,
        "isNull": false,
        "kind": "FieldDefinition",
        "name": "message",
        "type": "String",
      },
    ],
    "interfaces": Array [],
    "kind": "ObjectTypeDefinition",
    "name": "Error",
  },
  Object {
    "directives": Array [],
    "kind": "UnionTypeDefinition",
    "name": "TweetResponse",
    "types": Array [
      Object {
        "isList": false,
        "isNull": true,
        "type": "Tweet",
      },
      Object {
        "isList": false,
        "isNull": true,
        "type": "Error",
      },
    ],
  },
  Object {
    "directives": Array [],
    "fields": Array [
      Object {
        "arguments": Array [],
        "description": undefined,
        "directives": Array [],
        "isList": false,
        "isNull": false,
        "kind": "FieldDefinition",
        "name": "id",
        "type": "ID",
      },
      Object {
        "arguments": Array [],
        "description": undefined,
        "directives": Array [],
        "isList": false,
        "isNull": true,
        "kind": "FieldDefinition",
        "name": "body",
        "type": "String",
      },
      Object {
        "arguments": Array [],
        "description": undefined,
        "directives": Array [],
        "isList": false,
        "isNull": true,
        "kind": "FieldDefinition",
        "name": "date",
        "type": "Date",
      },
      Object {
        "arguments": Array [],
        "description": undefined,
        "directives": Array [],
        "isList": false,
        "isNull": true,
        "kind": "FieldDefinition",
        "name": "Author",
        "type": "User",
      },
      Object {
        "arguments": Array [],
        "description": undefined,
        "directives": Array [],
        "isList": false,
        "isNull": true,
        "kind": "FieldDefinition",
        "name": "Stats",
        "type": "Stat",
      },
      Object {
        "arguments": Array [
          Object {
            "defaultValue": undefined,
            "description": undefined,
            "directives": Array [],
            "isList": false,
            "isNull": true,
            "kind": "InputValueDefinition",
            "name": "meta",
            "type": "String",
          },
        ],
        "description": undefined,
        "directives": Array [],
        "isList": false,
        "isNull": true,
        "kind": "FieldDefinition",
        "name": "getMeta",
        "type": "Meta",
      },
    ],
    "interfaces": Array [
      Object {
        "isList": false,
        "isNull": true,
        "type": "Node",
      },
    ],
    "kind": "ObjectTypeDefinition",
    "name": "Tweet",
  },
  Object {
    "directives": Array [],
    "fields": Array [
      Object {
        "arguments": Array [],
        "description": undefined,
        "directives": Array [],
        "isList": false,
        "isNull": false,
        "kind": "FieldDefinition",
        "name": "id",
        "type": "ID",
      },
      Object {
        "arguments": Array [],
        "description": undefined,
        "directives": Array [],
        "isList": false,
        "isNull": true,
        "kind": "FieldDefinition",
        "name": "username",
        "type": "String",
      },
      Object {
        "arguments": Array [],
        "description": undefined,
        "directives": Array [],
        "isList": false,
        "isNull": true,
        "kind": "FieldDefinition",
        "name": "first_name",
        "type": "String",
      },
      Object {
        "arguments": Array [],
        "description": undefined,
        "directives": Array [],
        "isList": false,
        "isNull": true,
        "kind": "FieldDefinition",
        "name": "last_name",
        "type": "String",
      },
      Object {
        "arguments": Array [],
        "description": undefined,
        "directives": Array [],
        "isList": false,
        "isNull": true,
        "kind": "FieldDefinition",
        "name": "full_name",
        "type": "String",
      },
      Object {
        "arguments": Array [],
        "description": undefined,
        "directives": Array [
          Object {
            "arguments": Array [],
            "kind": "Directive",
            "name": "@deprecated",
          },
        ],
        "isList": false,
        "isNull": true,
        "kind": "FieldDefinition",
        "name": "name",
        "type": "String",
      },
      Object {
        "arguments": Array [],
        "description": undefined,
        "directives": Array [
          Object {
            "arguments": Array [
              Object {
                "kind": "Argument",
                "name": "reason",
                "value": "Replaced by the \`Media\` field \`avatar\`.",
              },
            ],
            "kind": "Directive",
            "name": "@deprecated",
          },
        ],
        "isList": false,
        "isNull": true,
        "kind": "FieldDefinition",
        "name": "avatar_url",
        "type": "Url",
      },
      Object {
        "arguments": Array [],
        "description": undefined,
        "directives": Array [],
        "isList": false,
        "isNull": true,
        "kind": "FieldDefinition",
        "name": "avatar",
        "type": "Media",
      },
    ],
    "interfaces": Array [
      Object {
        "isList": false,
        "isNull": true,
        "type": "Node",
      },
    ],
    "kind": "ObjectTypeDefinition",
    "name": "User",
  },
  Object {
    "directives": Array [],
    "fields": Array [
      Object {
        "arguments": Array [],
        "description": undefined,
        "directives": Array [],
        "isList": false,
        "isNull": true,
        "kind": "FieldDefinition",
        "name": "views",
        "type": "Int",
      },
      Object {
        "arguments": Array [],
        "description": undefined,
        "directives": Array [
          Object {
            "arguments": Array [
              Object {
                "kind": "Argument",
                "name": "reason",
                "value": "Use \`reactions\`.",
              },
            ],
            "kind": "Directive",
            "name": "@deprecated",
          },
        ],
        "isList": false,
        "isNull": true,
        "kind": "FieldDefinition",
        "name": "likes",
        "type": "Int",
      },
      Object {
        "arguments": Array [],
        "description": undefined,
        "directives": Array [],
        "isList": false,
        "isNull": true,
        "kind": "FieldDefinition",
        "name": "reactions",
        "type": "Int",
      },
      Object {
        "arguments": Array [],
        "description": undefined,
        "directives": Array [],
        "isList": false,
        "isNull": true,
        "kind": "FieldDefinition",
        "name": "retweets",
        "type": "Int",
      },
      Object {
        "arguments": Array [],
        "description": undefined,
        "directives": Array [],
        "isList": false,
        "isNull": true,
        "kind": "FieldDefinition",
        "name": "responses",
        "type": "Int",
      },
    ],
    "interfaces": Array [],
    "kind": "ObjectTypeDefinition",
    "name": "Stat",
  },
  Object {
    "directives": Array [],
    "fields": Array [
      Object {
        "arguments": Array [],
        "description": undefined,
        "directives": Array [],
        "isList": false,
        "isNull": true,
        "kind": "FieldDefinition",
        "name": "id",
        "type": "ID",
      },
      Object {
        "arguments": Array [],
        "description": undefined,
        "directives": Array [],
        "isList": false,
        "isNull": true,
        "kind": "FieldDefinition",
        "name": "date",
        "type": "Date",
      },
      Object {
        "arguments": Array [],
        "description": undefined,
        "directives": Array [],
        "isList": false,
        "isNull": true,
        "kind": "FieldDefinition",
        "name": "type",
        "type": "String",
      },
    ],
    "interfaces": Array [],
    "kind": "ObjectTypeDefinition",
    "name": "Notification",
  },
  Object {
    "directives": Array [],
    "fields": Array [
      Object {
        "arguments": Array [],
        "description": undefined,
        "directives": Array [],
        "isList": false,
        "isNull": true,
        "kind": "FieldDefinition",
        "name": "count",
        "type": "Int",
      },
    ],
    "interfaces": Array [],
    "kind": "ObjectTypeDefinition",
    "name": "Meta",
  },
  Object {
    "directives": Array [],
    "kind": "ScalarTypeDefinition",
    "name": "Url",
  },
  Object {
    "directives": Array [],
    "kind": "ScalarTypeDefinition",
    "name": "Date",
  },
  Object {
    "directives": Array [],
    "fields": Array [
      Object {
        "arguments": Array [
          Object {
            "defaultValue": undefined,
            "description": undefined,
            "directives": Array [],
            "isList": false,
            "isNull": false,
            "kind": "InputValueDefinition",
            "name": "id",
            "type": "ID",
          },
        ],
        "description": undefined,
        "directives": Array [],
        "isList": false,
        "isNull": true,
        "kind": "FieldDefinition",
        "name": "Tweet",
        "type": "TweetResponse",
      },
      Object {
        "arguments": Array [
          Object {
            "defaultValue": "5",
            "description": undefined,
            "directives": Array [],
            "isList": false,
            "isNull": true,
            "kind": "InputValueDefinition",
            "name": "limit",
            "type": "Int",
          },
          Object {
            "defaultValue": "0",
            "description": undefined,
            "directives": Array [],
            "isList": false,
            "isNull": true,
            "kind": "InputValueDefinition",
            "name": "skip",
            "type": "Int",
          },
          Object {
            "defaultValue": undefined,
            "description": undefined,
            "directives": Array [],
            "isList": false,
            "isNull": true,
            "kind": "InputValueDefinition",
            "name": "sort_field",
            "type": "String",
          },
          Object {
            "defaultValue": "ASC",
            "description": undefined,
            "directives": Array [],
            "isList": false,
            "isNull": true,
            "kind": "InputValueDefinition",
            "name": "sort_order",
            "type": "String",
          },
        ],
        "description": undefined,
        "directives": Array [],
        "isList": true,
        "isNull": false,
        "kind": "FieldDefinition",
        "name": "Tweets",
        "type": "TweetResponse",
      },
      Object {
        "arguments": Array [],
        "description": undefined,
        "directives": Array [
          Object {
            "arguments": Array [],
            "kind": "Directive",
            "name": "@deprecated",
          },
        ],
        "isList": false,
        "isNull": true,
        "kind": "FieldDefinition",
        "name": "TweetsMeta",
        "type": "Meta",
      },
      Object {
        "arguments": Array [
          Object {
            "defaultValue": undefined,
            "description": undefined,
            "directives": Array [],
            "isList": false,
            "isNull": false,
            "kind": "InputValueDefinition",
            "name": "id",
            "type": "ID",
          },
        ],
        "description": undefined,
        "directives": Array [
          Object {
            "arguments": Array [
              Object {
                "kind": "Argument",
                "name": "reason",
                "value": "Use \`Users\`.",
              },
            ],
            "kind": "Directive",
            "name": "@deprecated",
          },
        ],
        "isList": false,
        "isNull": true,
        "kind": "FieldDefinition",
        "name": "User",
        "type": "User",
      },
      Object {
        "arguments": Array [
          Object {
            "defaultValue": undefined,
            "description": undefined,
            "directives": Array [],
            "isList": true,
            "isNull": false,
            "kind": "InputValueDefinition",
            "name": "id",
            "type": "ID",
          },
        ],
        "description": undefined,
        "directives": Array [],
        "isList": true,
        "isNull": false,
        "kind": "FieldDefinition",
        "name": "Users",
        "type": "User",
      },
      Object {
        "arguments": Array [],
        "description": undefined,
        "directives": Array [
          Object {
            "arguments": Array [],
            "kind": "Directive",
            "name": "@deprecated",
          },
        ],
        "isList": false,
        "isNull": true,
        "kind": "FieldDefinition",
        "name": "NotificationsMeta",
        "type": "Meta",
      },
    ],
    "interfaces": Array [],
    "kind": "ObjectTypeDefinition",
    "name": "Query",
  },
  Object {
    "directives": Array [],
    "fields": Array [
      Object {
        "arguments": Array [
          Object {
            "defaultValue": undefined,
            "description": undefined,
            "directives": Array [
              Object {
                "arguments": Array [
                  Object {
                    "kind": "Argument",
                    "name": "reason",
                    "value": "Use \`content\`.",
                  },
                ],
                "kind": "Directive",
                "name": "@deprecated",
              },
            ],
            "isList": false,
            "isNull": true,
            "kind": "InputValueDefinition",
            "name": "input",
            "type": "TweetContent",
          },
          Object {
            "defaultValue": undefined,
            "description": undefined,
            "directives": Array [],
            "isList": false,
            "isNull": true,
            "kind": "InputValueDefinition",
            "name": "content",
            "type": "TweetContent",
          },
        ],
        "description": undefined,
        "directives": Array [],
        "isList": false,
        "isNull": true,
        "kind": "FieldDefinition",
        "name": "createTweet",
        "type": "Tweet",
      },
      Object {
        "arguments": Array [
          Object {
            "defaultValue": undefined,
            "description": undefined,
            "directives": Array [],
            "isList": false,
            "isNull": false,
            "kind": "InputValueDefinition",
            "name": "id",
            "type": "ID",
          },
        ],
        "description": undefined,
        "directives": Array [],
        "isList": false,
        "isNull": true,
        "kind": "FieldDefinition",
        "name": "deleteTweet",
        "type": "Tweet",
      },
      Object {
        "arguments": Array [
          Object {
            "defaultValue": undefined,
            "description": undefined,
            "directives": Array [],
            "isList": false,
            "isNull": false,
            "kind": "InputValueDefinition",
            "name": "id",
            "type": "ID",
          },
        ],
        "description": undefined,
        "directives": Array [],
        "isList": false,
        "isNull": true,
        "kind": "FieldDefinition",
        "name": "markTweetRead",
        "type": "Boolean",
      },
    ],
    "interfaces": Array [],
    "kind": "ObjectTypeDefinition",
    "name": "Mutation",
  },
  Object {
    "directives": Array [],
    "fields": Array [
      Object {
        "defaultValue": undefined,
        "description": undefined,
        "directives": Array [
          Object {
            "arguments": Array [
              Object {
                "kind": "Argument",
                "name": "reason",
                "value": "Use \`body\`.",
              },
            ],
            "kind": "Directive",
            "name": "@deprecated",
          },
        ],
        "isList": false,
        "isNull": true,
        "kind": "InputValueDefinition",
        "name": "content",
        "type": "String",
      },
      Object {
        "defaultValue": undefined,
        "description": undefined,
        "directives": Array [],
        "isList": false,
        "isNull": true,
        "kind": "InputValueDefinition",
        "name": "body",
        "type": "String",
      },
    ],
    "kind": "InputObjectTypeDefinition",
    "name": "TweetContent",
  },
  Object {
    "directives": Array [],
    "fields": Array [
      Object {
        "arguments": Array [
          Object {
            "defaultValue": undefined,
            "description": undefined,
            "directives": Array [],
            "isList": false,
            "isNull": true,
            "kind": "InputValueDefinition",
            "name": "limit",
            "type": "Int",
          },
        ],
        "description": undefined,
        "directives": Array [],
        "isList": true,
        "isNull": false,
        "kind": "FieldDefinition",
        "name": "Notifications",
        "type": "Notification",
      },
    ],
    "interfaces": Array [],
    "kind": "ObjectTypeDefinition",
    "name": "Subscription",
  },
]
`;
