// Jest Snapshot v1, https://goo.gl/fbAQLP

exports[`lib renderer generateDocFromSchema() generates Markdown document structure from GraphQL schema 1`] = `
Object {
  "children": Array [
    Object {
      "children": Array [
        Object {
          "extension": ".mdx",
          "name": "deprecated.mdx",
          "path": "output/directives/deprecated.mdx",
          "size": 470,
          "type": "file",
        },
        Object {
          "extension": ".mdx",
          "name": "include.mdx",
          "path": "output/directives/include.mdx",
          "size": 273,
          "type": "file",
        },
        Object {
          "extension": ".mdx",
          "name": "skip.mdx",
          "path": "output/directives/skip.mdx",
          "size": 255,
          "type": "file",
        },
        Object {
          "extension": ".mdx",
          "name": "specified-by.mdx",
          "path": "output/directives/specified-by.mdx",
          "size": 285,
          "type": "file",
        },
      ],
      "name": "directives",
      "path": "output/directives",
      "size": 1283,
      "type": "directory",
    },
    Object {
      "children": Array [],
      "name": "enums",
      "path": "output/enums",
      "size": 0,
      "type": "directory",
    },
    Object {
      "extension": ".md",
      "name": "generated.md",
      "path": "output/generated.md",
      "size": 32,
      "type": "file",
    },
    Object {
      "children": Array [
        Object {
          "extension": ".mdx",
          "name": "tweet-content.mdx",
          "path": "output/inputs/tweet-content.mdx",
          "size": 258,
          "type": "file",
        },
      ],
      "name": "inputs",
      "path": "output/inputs",
      "size": 258,
      "type": "directory",
    },
    Object {
      "children": Array [
        Object {
          "extension": ".mdx",
          "name": "node.mdx",
          "path": "output/interfaces/node.mdx",
          "size": 148,
          "type": "file",
        },
      ],
      "name": "interfaces",
      "path": "output/interfaces",
      "size": 148,
      "type": "directory",
    },
    Object {
      "children": Array [
        Object {
          "extension": ".mdx",
          "name": "create-tweet.mdx",
          "path": "output/mutations/create-tweet.mdx",
          "size": 352,
          "type": "file",
        },
        Object {
          "extension": ".mdx",
          "name": "delete-tweet.mdx",
          "path": "output/mutations/delete-tweet.mdx",
          "size": 224,
          "type": "file",
        },
        Object {
          "extension": ".mdx",
          "name": "mark-tweet-read.mdx",
          "path": "output/mutations/mark-tweet-read.mdx",
          "size": 294,
          "type": "file",
        },
      ],
      "name": "mutations",
      "path": "output/mutations",
      "size": 870,
      "type": "directory",
    },
    Object {
      "children": Array [
        Object {
          "extension": ".mdx",
          "name": "media.mdx",
          "path": "output/objects/media.mdx",
          "size": 212,
          "type": "file",
        },
        Object {
          "extension": ".mdx",
          "name": "meta.mdx",
          "path": "output/objects/meta.mdx",
          "size": 150,
          "type": "file",
        },
        Object {
          "extension": ".mdx",
          "name": "notification.mdx",
          "path": "output/objects/notification.mdx",
          "size": 299,
          "type": "file",
        },
        Object {
          "extension": ".mdx",
          "name": "stat.mdx",
          "path": "output/objects/stat.mdx",
          "size": 496,
          "type": "file",
        },
        Object {
          "extension": ".mdx",
          "name": "tweet.mdx",
          "path": "output/objects/tweet.mdx",
          "size": 633,
          "type": "file",
        },
        Object {
          "extension": ".mdx",
          "name": "user.mdx",
          "path": "output/objects/user.mdx",
          "size": 924,
          "type": "file",
        },
      ],
      "name": "objects",
      "path": "output/objects",
      "size": 2714,
      "type": "directory",
    },
    Object {
      "children": Array [
        Object {
          "extension": ".mdx",
          "name": "notifications-meta.mdx",
          "path": "output/queries/notifications-meta.mdx",
          "size": 240,
          "type": "file",
        },
        Object {
          "extension": ".mdx",
          "name": "tweet.mdx",
          "path": "output/queries/tweet.mdx",
          "size": 205,
          "type": "file",
        },
        Object {
          "extension": ".mdx",
          "name": "tweets-meta.mdx",
          "path": "output/queries/tweets-meta.mdx",
          "size": 219,
          "type": "file",
        },
        Object {
          "extension": ".mdx",
          "name": "tweets.mdx",
          "path": "output/queries/tweets.mdx",
          "size": 459,
          "type": "file",
        },
        Object {
          "extension": ".mdx",
          "name": "user.mdx",
          "path": "output/queries/user.mdx",
          "size": 267,
          "type": "file",
        },
        Object {
          "extension": ".mdx",
          "name": "users.mdx",
          "path": "output/queries/users.mdx",
          "size": 211,
          "type": "file",
        },
      ],
      "name": "queries",
      "path": "output/queries",
      "size": 1601,
      "type": "directory",
    },
    Object {
      "children": Array [
        Object {
          "extension": ".mdx",
          "name": "boolean.mdx",
          "path": "output/scalars/boolean.mdx",
          "size": 123,
          "type": "file",
        },
        Object {
          "extension": ".mdx",
          "name": "date.mdx",
          "path": "output/scalars/date.mdx",
          "size": 73,
          "type": "file",
        },
        Object {
          "extension": ".mdx",
          "name": "id.mdx",
          "path": "output/scalars/id.mdx",
          "size": 385,
          "type": "file",
        },
        Object {
          "extension": ".mdx",
          "name": "int.mdx",
          "path": "output/scalars/int.mdx",
          "size": 187,
          "type": "file",
        },
        Object {
          "extension": ".mdx",
          "name": "sri.mdx",
          "path": "output/scalars/sri.mdx",
          "size": 259,
          "type": "file",
        },
        Object {
          "extension": ".mdx",
          "name": "string.mdx",
          "path": "output/scalars/string.mdx",
          "size": 246,
          "type": "file",
        },
        Object {
          "extension": ".mdx",
          "name": "url.mdx",
          "path": "output/scalars/url.mdx",
          "size": 70,
          "type": "file",
        },
      ],
      "name": "scalars",
      "path": "output/scalars",
      "size": 1343,
      "type": "directory",
    },
    Object {
      "extension": ".js",
      "name": "sidebar-schema.js",
      "path": "output/sidebar-schema.js",
      "size": 1782,
      "type": "file",
    },
    Object {
      "children": Array [
        Object {
          "extension": ".mdx",
          "name": "notifications.mdx",
          "path": "output/subscriptions/notifications.mdx",
          "size": 264,
          "type": "file",
        },
      ],
      "name": "subscriptions",
      "path": "output/subscriptions",
      "size": 264,
      "type": "directory",
    },
    Object {
      "children": Array [],
      "name": "unions",
      "path": "output/unions",
      "size": 0,
      "type": "directory",
    },
  ],
  "name": "output",
  "path": "output",
  "size": 10295,
  "type": "directory",
}
`;

exports[`lib renderer generateDocFromSchema() generates Markdown document structure from GraphQL schema 2`] = `
Object {
  "children": Array [
    Object {
      "extension": "",
      "name": ".schema",
      "path": "tmp/.schema",
      "size": 64,
      "type": "file",
    },
    Object {
      "extension": ".graphql",
      "name": "schema.graphql",
      "path": "tmp/schema.graphql",
      "size": 1351,
      "type": "file",
    },
  ],
  "name": "tmp",
  "path": "tmp",
  "size": 1415,
  "type": "directory",
}
`;
